Evaluating:   0%|          | 0/6 [00:00<?, ?it/s]Evaluating:   0%|          | 0/6 [00:00<?, ?it/s]
Traceback (most recent call last):
  File "/panfs/accrepfs.vampire/home/jenkm22/cvpr_perturbations/scripts/run_training.py", line 220, in <module>
    main()
  File "/panfs/accrepfs.vampire/home/jenkm22/cvpr_perturbations/scripts/run_training.py", line 216, in main
    run_training_experiment(prepared_config)
  File "/panfs/accrepfs.vampire/home/jenkm22/cvpr_perturbations/src/training/trainer.py", line 1536, in run_training_experiment
    train_model(
  File "/panfs/accrepfs.vampire/home/jenkm22/cvpr_perturbations/src/training/trainer.py", line 1183, in train_model
    best_val_loss = evaluate_model(model, val_loader, device, criterion)
                    ^^^^^^^^^^^^^^^^^^^^^^^^^^^^^^^^^^^^^^^^^^^^^^^^^^^^
  File "/panfs/accrepfs.vampire/home/jenkm22/cvpr_perturbations/src/training/test_loop.py", line 23, in evaluate_model
    for _, (_, images, targets) in progress_bar:
  File "/home/jenkm22/envs/clip_hba_cc/lib/python3.11/site-packages/tqdm/std.py", line 1181, in __iter__
    for obj in iterable:
  File "/home/jenkm22/envs/clip_hba_cc/lib/python3.11/site-packages/torch/utils/data/dataloader.py", line 741, in __next__
    data = self._next_data()
           ^^^^^^^^^^^^^^^^^
  File "/home/jenkm22/envs/clip_hba_cc/lib/python3.11/site-packages/torch/utils/data/dataloader.py", line 1548, in _next_data
    return self._process_data(data, worker_id)
           ^^^^^^^^^^^^^^^^^^^^^^^^^^^^^^^^^^^
  File "/home/jenkm22/envs/clip_hba_cc/lib/python3.11/site-packages/torch/utils/data/dataloader.py", line 1586, in _process_data
    data.reraise()
  File "/home/jenkm22/envs/clip_hba_cc/lib/python3.11/site-packages/torch/_utils.py", line 785, in reraise
    raise exception
FileNotFoundError: Caught FileNotFoundError in DataLoader worker process 0.
Original Traceback (most recent call last):
  File "/home/jenkm22/envs/clip_hba_cc/lib/python3.11/site-packages/torch/utils/data/_utils/worker.py", line 358, in _worker_loop
    data = fetcher.fetch(index)  # type: ignore[possibly-undefined]
           ^^^^^^^^^^^^^^^^^^^^
  File "/home/jenkm22/envs/clip_hba_cc/lib/python3.11/site-packages/torch/utils/data/_utils/fetch.py", line 52, in fetch
    data = self.dataset.__getitems__(possibly_batched_index)
           ^^^^^^^^^^^^^^^^^^^^^^^^^^^^^^^^^^^^^^^^^^^^^^^^^
  File "/home/jenkm22/envs/clip_hba_cc/lib/python3.11/site-packages/torch/utils/data/dataset.py", line 443, in __getitems__
    return [self.dataset[self.indices[idx]] for idx in indices]
           ^^^^^^^^^^^^^^^^^^^^^^^^^^^^^^^^^^^^^^^^^^^^^^^^^^^^
  File "/home/jenkm22/envs/clip_hba_cc/lib/python3.11/site-packages/torch/utils/data/dataset.py", line 443, in <listcomp>
    return [self.dataset[self.indices[idx]] for idx in indices]
            ~~~~~~~~~~~~^^^^^^^^^^^^^^^^^^^
  File "/panfs/accrepfs.vampire/home/jenkm22/cvpr_perturbations/src/data/things_dataset.py", line 30, in __getitem__
    image = Image.open(img_path).convert("RGB")
            ^^^^^^^^^^^^^^^^^^^^
  File "/home/jenkm22/envs/clip_hba_cc/lib/python3.11/site-packages/PIL/Image.py", line 3512, in open
    fp = builtins.open(filename, "rb")
         ^^^^^^^^^^^^^^^^^^^^^^^^^^^^^
FileNotFoundError: [Errno 2] No such file or directory: '/home/jenkm22/cvpr_perturbations/THINGS_images/bobsled_01s.jpg'

